\BOOKMARK [1][-]{section*.1}{\376\377\000I\000n\000t\000r\000o\000d\000u\000c\000t\000i\000o\000n}{}% 1
\BOOKMARK [1][-]{section*.4}{\376\377\000R\000e\000l\000a\000t\000e\000d\000\040\000w\000o\000r\000k}{}% 2
\BOOKMARK [1][-]{section*.5}{\376\377\000D\000a\000t\000a\000\040\000a\000n\000d\000\040\000m\000e\000t\000h\000o\000d\000s}{}% 3
\BOOKMARK [2][-]{subsection*.6}{\376\377\000C\000o\000r\000p\000u\000s}{section*.5}% 4
\BOOKMARK [2][-]{subsection*.7}{\376\377\000P\000o\000o\000l\000i\000n\000g}{section*.5}% 5
\BOOKMARK [2][-]{subsection*.8}{\376\377\000F\000a\000i\000r\000-\000e\000v\000a\000l\000u\000a\000t\000i\000o\000n\000\040\000c\000o\000r\000e\000\040\000a\000n\000d\000\040\000d\000o\000s\000e\040\023\000r\000e\000s\000p\000o\000n\000s\000e\000\040\000d\000e\000s\000i\000g\000n\000s}{section*.5}% 6
\BOOKMARK [2][-]{subsection*.9}{\376\377\000R\000e\000l\000i\000a\000b\000i\000l\000i\000t\000y\000\040\000m\000a\000c\000h\000i\000n\000e\000r\000y}{section*.5}% 7
\BOOKMARK [2][-]{subsection*.10}{\376\377\000S\000e\000l\000f\000-\000c\000o\000m\000p\000u\000t\000e\000d\000\040\000a\000u\000d\000i\000t\000s}{section*.5}% 8
\BOOKMARK [2][-]{subsection*.11}{\376\377\000R\000e\000p\000r\000o\000d\000u\000c\000i\000b\000i\000l\000i\000t\000y}{section*.5}% 9
\BOOKMARK [1][-]{section*.14}{\376\377\000R\000e\000s\000u\000l\000t\000s}{}% 10
\BOOKMARK [2][-]{subsection*.16}{\376\377\000R\000e\000p\000r\000e\000s\000e\000n\000t\000a\000t\000i\000o\000n\000,\000\040\000a\000n\000n\000o\000t\000a\000t\000i\000o\000n\000,\000\040\000i\000n\000t\000e\000g\000r\000a\000t\000i\000o\000n\000:\000\040\000n\000o\000\040\000F\000M\000\040\000a\000d\000v\000a\000n\000t\000a\000g\000e}{section*.14}% 11
\BOOKMARK [2][-]{subsection*.19}{\376\377\000P\000e\000r\000t\000u\000r\000b\000a\000t\000i\000o\000n\000\040\000p\000r\000e\000d\000i\000c\000t\000i\000o\000n\000:\000\040\000r\000e\000a\000l\000\040\000b\000u\000t\000\040\000m\000e\000t\000r\000i\000c\000-\000c\000o\000n\000t\000i\000n\000g\000e\000n\000t}{section*.14}% 12
\BOOKMARK [2][-]{subsection*.20}{\376\377\000S\000p\000a\000t\000i\000a\000l\000\040\000n\000i\000c\000h\000e\000\040\000i\000d\000e\000n\000t\000i\000f\000i\000c\000a\000t\000i\000o\000n\000:\000\040\000n\000o\000\040\000F\000M\000\040\000a\000d\000v\000a\000n\000t\000a\000g\000e\000\040\000a\000f\000t\000e\000r\000\040\000a\000\040\000f\000a\000i\000r\000\040\000r\000e\000-\000c\000h\000e\000c\000k}{section*.14}% 13
\BOOKMARK [2][-]{subsection*.23}{\376\377\000G\000R\000N\000,\000\040\000t\000r\000a\000j\000e\000c\000t\000o\000r\000y\000,\000\040\000i\000n\000t\000e\000g\000r\000a\000t\000i\000o\000n\000\040\000m\000e\000t\000r\000i\000c\000s\000,\000\040\000a\000n\000d\000\040\000u\000n\000c\000e\000r\000t\000a\000i\000n\000t\000y}{section*.14}% 14
\BOOKMARK [2][-]{subsection*.24}{\376\377\000s\000c\000A\000T\000A\000C\000-\000s\000e\000q\000\040\000r\000e\000l\000i\000a\000b\000i\000l\000i\000t\000y\000:\000\040\000a\000\040\000f\000i\000r\000s\000t\000\040\000a\000u\000d\000i\000t\000\040\000a\000n\000d\000\040\000a\000\040\000m\000o\000d\000a\000l\000i\000t\000y\000\040\000c\000o\000n\000t\000r\000a\000s\000t}{section*.14}% 15
\BOOKMARK [2][-]{subsection*.29}{\376\377\000S\000e\000l\000f\000-\000c\000o\000m\000p\000u\000t\000e\000d\000\040\000s\000c\000R\000N\000A\000\040\000s\000u\000i\000t\000e\000:\000\040\000r\000e\000p\000r\000e\000s\000e\000n\000t\000a\000t\000i\000o\000n\000\040\000\050\000c\000l\000u\000s\000t\000e\000r\000\040\000J\000\051}{section*.14}% 16
\BOOKMARK [2][-]{subsection*.33}{\376\377\000S\000e\000l\000f\000-\000c\000o\000m\000p\000u\000t\000e\000d\000\040\000s\000c\000R\000N\000A\000\040\000s\000u\000i\000t\000e\000:\000\040\000t\000h\000e\000\040\000f\000a\000i\000r\000\040\000r\000e\000-\000c\000h\000e\000c\000k\000\040\000a\000n\000d\000\040\000p\000a\000r\000i\000t\000y\000\040\000\050\000c\000l\000u\000s\000t\000e\000r\000\040\000J\000\051}{section*.14}% 17
\BOOKMARK [2][-]{subsection*.35}{\376\377\000S\000e\000l\000f\000-\000c\000o\000m\000p\000u\000t\000e\000d\000\040\000s\000c\000R\000N\000A\000\040\000s\000u\000i\000t\000e\000:\000\040\000t\000h\000e\000\040\000v\000o\000c\000a\000b\000u\000l\000a\000r\000y\000-\000c\000o\000v\000e\000r\000a\000g\000e\000\040\000a\000r\000t\000i\000f\000a\000c\000t\000\040\000\050\000c\000l\000u\000s\000t\000e\000r\000\040\000J\000\051}{section*.14}% 18
\BOOKMARK [2][-]{subsection*.37}{\376\377\000S\000e\000l\000f\000-\000c\000o\000m\000p\000u\000t\000e\000d\000\040\000s\000c\000R\000N\000A\000\040\000s\000u\000i\000t\000e\000:\000\040\000c\000a\000l\000i\000b\000r\000a\000t\000i\000o\000n\000\040\000a\000n\000d\000\040\000r\000e\000l\000i\000a\000b\000i\000l\000i\000t\000y\000\040\000\050\000c\000l\000u\000s\000t\000e\000r\000\040\000K\000\051}{section*.14}% 19
\BOOKMARK [2][-]{subsection*.42}{\376\377\000S\000e\000l\000f\000-\000c\000o\000m\000p\000u\000t\000e\000d\000\040\000s\000c\000R\000N\000A\000\040\000s\000u\000i\000t\000e\000:\000\040\000p\000e\000r\000t\000u\000r\000b\000a\000t\000i\000o\000n\000\040\000\050\000c\000l\000u\000s\000t\000e\000r\000\040\000L\000\051}{section*.14}% 20
\BOOKMARK [1][-]{section*.44}{\376\377\000D\000i\000s\000c\000u\000s\000s\000i\000o\000n}{}% 21
\BOOKMARK [1][-]{table.caption.48}{\376\377\000R\000e\000f\000e\000r\000e\000n\000c\000e\000s}{}% 22
